[36;1mfn[0m id[95m([0mx[95m)[0m[90;1m: [0mfn(?a) -> ?a[90;1m = [0mx
id[95m([0m[33;3m5[0m[95m)[0m[90;1m: [0mfloat
