[33;3m0[0m[90;1m: [0mfloat
[33;3m6[0m[90;1m: [0mfloat
[33;3m6.1[0m[90;1m: [0mfloat
[33;3m902.01[0m[90;1m: [0mfloat
[36;1mtrue[0m[90;1m: [0mbool
[36;1mfalse[0m[90;1m: [0mbool
