[31;1;3merror[0m: infinite sized type
[38;5;244;1m  |[0m 
[38;5;244;1m1 |[0m fn id(x) = x(x);
[38;5;244;1m  |[0m [96;1m^^^^^^^^^^^^^^^^[0m
