[31;1;3merror[0m: type inference for return statements not yet implemented
[38;5;244;1m  |[0m 
[38;5;244;1m1 |[0m return 5;
[38;5;244;1m  |[0m [96;1m^^^^^^^^^[0m
