[31;1;3merror[0m: expected `expression` but found `)`
[38;5;244;1m  |[0m 
[38;5;244;1m1 |[0m foo(1,);
[38;5;244;1m  |[0m       [96;1m^[0m
