[31;1;3merror[0m: expected `;` but found `=`
[38;5;244;1m  |[0m 
[38;5;244;1m1 |[0m x = 1 + 1;
[38;5;244;1m  |[0m   [96;1m^[0m
