Sp(Plus, Span(0..1))
Sp(Minus, Span(1..2))
Sp(Equals, Span(2..3))
Sp(Slash, Span(3..4))
Sp(Star, Span(4..5))
Sp(Identifier("hello"), Span(6..11))
[1;3;31merror[0m: invalid start of token `'`

    '\;'"
    [1;96m^[0m
[1;3;31merror[0m: invalid start of token `\`

    '\;'"
     [1;96m^[0m
[1;3;31merror[0m: invalid start of token `;`

    '\;'"
      [1;96m^[0m
[1;3;31merror[0m: invalid start of token `'`

    '\;'"
       [1;96m^[0m
[1;3;31merror[0m: invalid start of token `"`

    '\;'"
        [1;96m^[0m
Sp(Identifier("hello"), Span(19..24))
Sp(LetKeyword, Span(25..28))
Sp(Plus, Span(29..30))
Sp(Minus, Span(30..31))
[1;3;31merror[0m: invalid float literal

    hello let +-.= .4. `
                [1;96m^[0m
Sp(Equals, Span(32..33))
[1;3;31merror[0m: invalid float literal

    hello let +-.= .4. `
                   [1;96m^^^[0m
[1;3;31merror[0m: invalid start of token ```

    hello let +-.= .4. `
                       [1;96m^[0m
