Literal(Float(1.0))@0..1
DoubleEquals@1..3
Literal(Float(1.0))@3..4
