[31;1;3merror[0m: invalid float literal
[38;5;244;1m  |[0m 
[38;5;244;1m1 |[0m . .
[38;5;244;1m  |[0m [96;1m^[0m
[31;1;3merror[0m: invalid float literal
[38;5;244;1m  |[0m 
[38;5;244;1m1 |[0m . .
[38;5;244;1m  |[0m   [96;1m^[0m
