Sp(Keyword(Let), Span(0..3))
Sp(Identifier("x"), Span(4..5))
Sp(Equals, Span(6..7))
Sp(Literal(5.0), Span(8..9))
Sp(Keyword(Let), Span(10..13))
Sp(Identifier("y"), Span(14..15))
Sp(Equals, Span(16..17))
Sp(ParenOpen, Span(18..19))
Sp(Identifier("x"), Span(19..20))
Sp(Plus, Span(21..22))
Sp(Literal(2.0), Span(23..24))
Sp(ParenClose, Span(24..25))
Sp(Star, Span(26..27))
Sp(Literal(3.0), Span(28..29))
Sp(Identifier("print"), Span(30..35))
Sp(ParenOpen, Span(35..36))
Sp(Identifier("x"), Span(36..37))
Sp(Plus, Span(38..39))
Sp(Identifier("y"), Span(40..41))
Sp(ParenClose, Span(41..42))
