Equals@0..1
Comma@2..3
ParenOpen@4..5
ParenClose@6..7
Plus@8..9
Minus@10..11
Star@12..13
Slash@14..15
Bang@16..17
Semi@18..19
RightArrow@20..21
LeftArrow@22..23
DoubleEquals@24..27
LeftArrow@27..28
Equals@28..29
RightArrow@30..31
Equals@31..32
[1;3;31merror[0m: invalid start of token `:`
[38;5;244;1m   |[0m 
[38;5;244;1m17 |[0m :
[38;5;244;1m   |[0m [1;96m^[0m
[1;3;31merror[0m: invalid start of token `'`
[38;5;244;1m   |[0m 
[38;5;244;1m18 |[0m '
[38;5;244;1m   |[0m [1;96m^[0m
[1;3;31merror[0m: invalid start of token `"`
[38;5;244;1m   |[0m 
[38;5;244;1m19 |[0m "
[38;5;244;1m   |[0m [1;96m^[0m
[1;3;31merror[0m: invalid start of token ```
[38;5;244;1m   |[0m 
[38;5;244;1m20 |[0m `
[38;5;244;1m   |[0m [1;96m^[0m
[1;3;31merror[0m: invalid start of token `~`
[38;5;244;1m   |[0m 
[38;5;244;1m21 |[0m ~
[38;5;244;1m   |[0m [1;96m^[0m
[1;3;31merror[0m: invalid start of token `@`
[38;5;244;1m   |[0m 
[38;5;244;1m22 |[0m @
[38;5;244;1m   |[0m [1;96m^[0m
[1;3;31merror[0m: invalid start of token `#`
[38;5;244;1m   |[0m 
[38;5;244;1m23 |[0m #
[38;5;244;1m   |[0m [1;96m^[0m
[1;3;31merror[0m: invalid start of token `$`
[38;5;244;1m   |[0m 
[38;5;244;1m24 |[0m $
[38;5;244;1m   |[0m [1;96m^[0m
[1;3;31merror[0m: invalid start of token `%`
[38;5;244;1m   |[0m 
[38;5;244;1m25 |[0m %
[38;5;244;1m   |[0m [1;96m^[0m
[1;3;31merror[0m: invalid start of token `^`
[38;5;244;1m   |[0m 
[38;5;244;1m26 |[0m ^
[38;5;244;1m   |[0m [1;96m^[0m
[1;3;31merror[0m: invalid start of token `&`
[38;5;244;1m   |[0m 
[38;5;244;1m27 |[0m &
[38;5;244;1m   |[0m [1;96m^[0m
