Identifier("id")@7..9
[31;1;3merror[0m: invalid start of token `~`
[38;5;244;1m  |[0m 
[38;5;244;1m1 |[0m 		   		id ~
[38;5;244;1m  |[0m           [96;1m^[0m
Literal(Float(1.0))@24..25
