[1;3;31merror[0m: expected `;` but found `let`
[38;5;244;1m  |[0m 
[38;5;244;1m2 |[0m let y = 2 + 2;
[38;5;244;1m  |[0m [1;96m^^^[0m
