[1;3;31merror[0m: unexpected end of input
[38;5;244;1m  |[0m 
[38;5;244;1m1 |[0m let x = 5
[38;5;244;1m  |[0m          [1;96m^[0m
