[1;3;31merror[0m: expected `)` but found `;`
[38;5;244;1m  |[0m 
[38;5;244;1m1 |[0m (1;
[38;5;244;1m  |[0m   [1;96m^[0m
