1;
0.2;
true;
false;

---AST Statement (semi: 1..2) #0---
Statement(Expression)@0..1
| Float(1.0)@0..1
-------

---AST Statement (semi: 5..6) #1---
Statement(Expression)@3..5
| Float(0.2)@3..5
-------

---AST Statement (semi: 11..12) #2---
Statement(Expression)@7..11
| Bool(true)@7..11
-------

---AST Statement (semi: 18..19) #3---
Statement(Expression)@13..18
| Bool(false)@13..18
-------

