formatted: 1 + 1

Sp(
    Expr(
        BinOp {
            op: Sp(
                Add,
                Span(2..3),
            ),
            lhs: Sp(
                Literal(1),
                Span(0..1),
            ),
            rhs: Sp(
                Literal(1),
                Span(5..6),
            ),
        },
    ),
    Span(0..6),
)
