formatted:              --5!!
formatted (precedence): (-(-((5!)!)))

Sp(
    Expr(
        UnaryOp {
            expr: Sp(
                UnaryOp {
                    expr: Sp(
                        UnaryOp {
                            expr: Sp(
                                UnaryOp {
                                    expr: Sp(
                                        Literal(
                                            5.0,
                                        ),
                                        Span(2..3),
                                    ),
                                    op: Sp(
                                        Factorial,
                                        Span(3..4),
                                    ),
                                },
                                Span(2..4),
                            ),
                            op: Sp(
                                Factorial,
                                Span(4..5),
                            ),
                        },
                        Span(2..5),
                    ),
                    op: Sp(
                        Negation,
                        Span(1..2),
                    ),
                },
                Span(1..5),
            ),
            op: Sp(
                Negation,
                Span(0..1),
            ),
        },
    ),
    Span(0..5),
)
