formatted: 5 + 5 * 2

Statement(Expression)@0..9
| BinaryOp@0..9
| | op: Add@2..3
| | lhs: Float(5.0)@0..1
| | rhs: BinaryOp@4..9
| | | op: Mul@6..7
| | | lhs: Float(5.0)@4..5
| | | rhs: Float(2.0)@8..9
