--[33;3m1[0m[90;1m;[0m
-[95m([0m[33;3m1[0m + [33;3m1[0m[95m)[0m[90;1m;[0m
-[33;3m1[0m + [33;3m1[0m[90;1m;[0m
-function[95m([0m[95m)[0m[90;1m;[0m
-variable[90;1m;[0m

---AST Statement (semi: 3..4) #0---
Statement(Expression)@0..3
| UnaryOp@0..3
| | op: Negation@0..1
| | expr: UnaryOp@1..3
| | | op: Negation@1..2
| | | expr: Float(1.0)@2..3
-------

---AST Statement (semi: 13..14) #1---
Statement(Expression)@5..13
| UnaryOp@5..13
| | op: Negation@5..6
| | expr: Paren@6..13
| | | open: 6..7
| | | close: 12..13
| | | expr: BinaryOp@7..12
| | | | op: Add@9..10
| | | | lhs: Float(1.0)@7..8
| | | | rhs: Float(1.0)@11..12
-------

---AST Statement (semi: 21..22) #2---
Statement(Expression)@15..21
| BinaryOp@15..21
| | op: Add@18..19
| | lhs: UnaryOp@15..17
| | | op: Negation@15..16
| | | expr: Float(1.0)@16..17
| | rhs: Float(1.0)@20..21
-------

---AST Statement (semi: 34..35) #3---
Statement(Expression)@23..34
| UnaryOp@23..34
| | op: Negation@23..24
| | expr: FunctionCall@24..34
| | | expr: Variable("function")@24..32
| | | open: 32..33
| | | close: 33..34
-------

---AST Statement (semi: 45..46) #4---
Statement(Expression)@36..45
| UnaryOp@36..45
| | op: Negation@36..37
| | expr: Variable("variable")@37..45
-------
